{"s":0,"r":{"hom":{"1":-5401,"2":-5401,"3":-5401,"4":0}},"t":...}
